// Jest Snapshot v1, https://goo.gl/fbAQLP

exports[`a pagina de configuração deve ser renderizada corretamente 1`] = `
<div>
  <div
    class="card"
  >
    <section>
      <h1
        class="titulo"
      >
        Vamos começar!
      </h1>
      <form>
        <div
          class="formulario_container"
        >
          <input
            class="input__form"
            placeholder="Insira os nomes dos participantes"
            type="text"
            value=""
          />
          <button
            class="botao__form"
            disabled=""
          >
            Adicionar
          </button>
        </div>
        
      </form>
      <ul />
      <footer
        class="rodape_configuracoes"
      >
        <button
          class="botao"
          disabled=""
        >
          Iniciar brincadeira!
        </button>
        <img
          alt="imagens de sacolas"
          src="/imagens/sacolas.png"
        />
      </footer>
    </section>
  </div>
</div>
`;
